// Vitest Snapshot v1

exports[`formatter > printMessage > should display a bytes request 1`] = `" fatal<-- [33m200[39m, user: [1mnull[22m(127.0.0.1), req: 'GET /verdaccio', bytes: [33m0[39m/[33m150186[39m"`;

exports[`formatter > printMessage > should display a resource request 1`] = `"info <-- 127.0.0.1 requested 'GET /verdaccio' "`;

exports[`formatter > printMessage > should display a streaming request 1`] = `" fatal--> [33m304[39m, req: 'GET https://registry.npmjs.org/verdaccio' (streaming)"`;

exports[`formatter > printMessage > should display an error request 1`] = `" fatal--> ERR, req: 'GET https://registry.fake.org/aaa', error: getaddrinfo ENOTFOUND registry.fake.org"`;

exports[`formatter > printMessage > should display an fatal request 1`] = `" fatal--> ERR, req: 'GET https://registry.fake.org/aaa', error: fatal error"`;

exports[`formatter > printMessage > should display custom log message 1`] = `" fatal--- custom - foo - [90mundefined[39m"`;

exports[`formatter > printMessage > should display trace level 1`] = `" trace--- [trace]  - foo"`;

exports[`formatter > printMessage > should display trace level with pretty stamp 1`] = `"[formatted-date] trace--- [trace]  - foo"`;

exports[`formatter > printMessage > should display version and http address 1`] = `" warn --- http address - http://localhost:4873/ - verdaccio/5.0.0"`;
