// Vitest Snapshot v1

exports[`prettyFactory > should return a function with options 1`] = `
" trace--- [trace]  - foo
"
`;
